// Vitest Snapshot v1, https://vitest.dev/guide/snapshot.html

exports[`Buttons component > should create a button component and verify the snapshot 1`] = `
<button
  className="rounded-md border border-gray-300 shadow-sm px-2.5 py-1.5 inline-flex items-center gap-x-1.5 text-sm font-semibold focus-visible:outline focus-visible:outline-2 focus-visible:outline-offset-2 bg-green-500 text-gray-50 hover:bg-green-400 disabled:cursor-not-allowed disabled:bg-green-400 disabled:text-gray-100 disabled:border-slate-200 disabled:shadow-none"
  onClick={[Function]}
  type="button"
>
  That's working
</button>
`;
